
There are no discarded input sections

Memory Configuration

Name             Origin             Length             Attributes
RAM              0x00100000         0x00010000         xrw
*default*        0x00000000         0xffffffff

Linker script and memory map

LOAD obj/main.o
LOAD obj/memcpy.o
LOAD obj/pmp.o
LOAD obj/print_engine.o
LOAD obj/strlen.o
LOAD obj/system.o
LOAD obj/timer.o
LOAD obj/uart.o
LOAD obj/vstream.o
LOAD obj/startup.o

.isr_vector     0x00100000       0xa0
 *(.isr_vector)
 .isr_vector    0x00100000       0x84 obj/startup.o
                0x001000a0                        . = ALIGN (0x20)
 *fill*         0x00100084       0x1c 

.text           0x00100100     0x2500
 *(.init)
 *(EXCLUDE_FILE(obj/pmp.o) .text)
 .text          0x00100100      0x148 obj/main.o
                0x00100100                shared_function
                0x0010011e                info
 .text          0x00100248      0x908 obj/memcpy.o
                0x00100248                memcpy
 .text          0x00100b50      0xd8a obj/print_engine.o
                0x00100f94                printf_engine
 .text          0x001018da       0x3c obj/strlen.o
                0x001018da                strlen
 *fill*         0x00101916       0x6a 
 .text          0x00101980      0x592 obj/system.o
                0x00101980                system_init
                0x001019b6                register_default_exception_handler
                0x001019e2                putchar
                0x00101a02                getchar
                0x00101a1e                puts
                0x00101a56                puthex
                0x00101ac0                putbyte
                0x00101b32                putdec
                0x00101bbe                printf
                0x00101c16                sim_halt
                0x00101c2e                get_mepc
                0x00101c48                get_mcause
                0x00101c62                get_mtval
                0x00101c7c                get_mcycle
                0x00101c96                reset_mcycle
                0x00101ca8                install_exception_handler
                0x00101d66                enable_interrupts
                0x00101d80                disable_interrupts
                0x00101d9a                set_global_interrupt_enable
                0x00101e00                simple_exc_handler
 .text          0x00101f12      0x21c obj/timer.o
                0x00101f12                timecmp_update
                0x00101fac                timer_irq_handler
                0x00102042                timer_read
                0x001020aa                get_elapsed_time
                0x001020c6                timer_enable
                0x00102118                timer_disable
 .text          0x0010212e       0xb4 obj/uart.o
                0x0010212e                uart_enable_rx_int
                0x00102148                uart_in_wait
                0x0010217e                uart_in
                0x001021b0                uart_out
 .text          0x001021e2      0x396 obj/vstream.o
                0x001021e2                vstream_send
                0x00102256                vstream_printf
                0x001022ae                vstream_rcv
                0x00102312                vstream_register_cb
                0x00102330                vstream_disable_cb
                0x00102346                uart_irq_handler
 .text          0x00102578       0x86 obj/startup.o
                0x001025ce                _start
 *(EXCLUDE_FILE(obj/pmp.o) .text.*)
                0x00102600                        . = ALIGN (0x20)
 *fill*         0x001025fe        0x2 
 *(.fini)
                0x00102600                        _etext = .

.m_code         0x00102600     0x1140
 *(.m_code)
 .m_code        0x00102600      0x6e6 obj/main.o
                0x00102600                m_function
                0x0010261e                Mtests
                0x001027d0                switchToUser
                0x00102818                main
 *fill*         0x00102ce6        0x2 
 .m_code        0x00102ce8        0x4 obj/vstream.o
 *(.m_code.*)
 obj/pmp.o(.text)
 .text          0x00102cec      0xa48 obj/pmp.o
                0x00102cec                get_granularity
                0x00102cfc                setRLB
                0x00102d26                setMML
                0x00102d38                setMMWP
                0x00102d4a                remove_region
                0x00102dd2                pmp_cfg_to_csr
                0x00102eba                read_pmpcfg
                0x00102f20                read_pmp_csr_value
                0x00102f94                write_pmp_csr_value
                0x0010301c                pmp_write_cfg
                0x0010309a                write_pmpaddr_csr_value
                0x0010316e                read_pmpaddr_csr_value
                0x00103242                pmp_read_region
                0x001033e0                pmp_configure_region
 obj/pmp.o(.text.*)
                0x00103740                        . = ALIGN (0x20)
 *fill*         0x00103734        0xc 

.user_code      0x00103740      0x200
 *(.user_code)
 .user_code     0x00103740      0x1f4 obj/main.o
                0x00103740                u_function
                0x0010375e                Utests
                0x00103908                user
 *(.user_code.*)
                0x00103940                        . = ALIGN (0x20)
 *fill*         0x00103934        0xc 

.rodata         0x00103940      0xb60
 *(.rodata)
 .rodata        0x00103940      0x561 obj/main.o
 *fill*         0x00103ea1        0x3 
 .rodata        0x00103ea4      0x3bc obj/pmp.o
 .rodata        0x00104260      0x194 obj/print_engine.o
 .rodata        0x001043f4       0xac obj/system.o
 *(.rodata.*)
                0x001044a0                        . = ALIGN (0x20)

.eh_frame       0x001044a0      0xbb4
 .eh_frame      0x001044a0      0x180 obj/main.o
 .eh_frame      0x00104620       0x28 obj/memcpy.o
                                 0x3c (size before relaxing)
 .eh_frame      0x00104648      0x218 obj/pmp.o
                                0x22c (size before relaxing)
 .eh_frame      0x00104860       0xcc obj/print_engine.o
                                 0xe0 (size before relaxing)
 .eh_frame      0x0010492c       0x24 obj/strlen.o
                                 0x38 (size before relaxing)
 .eh_frame      0x00104950      0x31c obj/system.o
                                0x330 (size before relaxing)
 .eh_frame      0x00104c6c      0x144 obj/timer.o
                                0x158 (size before relaxing)
 .eh_frame      0x00104db0       0x98 obj/uart.o
                                 0xac (size before relaxing)
 .eh_frame      0x00104e48      0x20c obj/vstream.o
                                0x220 (size before relaxing)

.rela.dyn       0x00105054        0x0
 .rela.text     0x00105054        0x0 obj/main.o
 .rela.m_code   0x00105054        0x0 obj/main.o
 .rela.sdata    0x00105054        0x0 obj/main.o

.data           0x00105060      0x420
 *(.data)
 .data          0x00105060        0x0 obj/main.o
 .data          0x00105060        0x0 obj/memcpy.o
 .data          0x00105060        0x0 obj/pmp.o
 .data          0x00105060        0x0 obj/print_engine.o
 .data          0x00105060        0x0 obj/strlen.o
 .data          0x00105060        0x0 obj/system.o
 .data          0x00105060        0x0 obj/timer.o
 .data          0x00105060        0x0 obj/uart.o
 .data          0x00105060      0x40c obj/vstream.o
 .data          0x0010546c        0x0 obj/startup.o
 *(.data.*)
                0x00105480                        . = ALIGN (0x20)
 *fill*         0x0010546c       0x14 

.sdata          0x00105480        0x4
 .sdata         0x00105480        0x4 obj/system.o
                0x00105480                exc_vectors

.bss            0x00105484       0x1c
 *(.bss)
 .bss           0x00105484        0x8 obj/main.o
 .bss           0x0010548c        0x0 obj/memcpy.o
 .bss           0x0010548c        0x0 obj/pmp.o
 .bss           0x0010548c        0x0 obj/print_engine.o
 .bss           0x0010548c        0x0 obj/strlen.o
 .bss           0x0010548c        0x0 obj/system.o
 .bss           0x0010548c        0x0 obj/timer.o
 .bss           0x0010548c        0x0 obj/uart.o
 .bss           0x0010548c        0x0 obj/vstream.o
 .bss           0x0010548c        0x0 obj/startup.o
 *(.bss.*)
 *(COMMON)
                0x001054a0                        . = ALIGN (0x20)
 *fill*         0x0010548c       0x14 
                0x001054a0                        end = .
                0x001054a0                        __end__ = .
                0x00100000                        PROVIDE (_vectors_start = ADDR (.isr_vector))
                0x00110000                        PROVIDE (_stack_start = (ORIGIN (RAM) + LENGTH (RAM)))
                [!provide]                        PROVIDE (_estack = (ORIGIN (RAM) + LENGTH (RAM)))
                0x00105484                        PROVIDE (_bss_start = ADDR (.bss))
                0x001054a0                        PROVIDE (_bss_end = (ADDR (.bss) + SIZEOF (.bss)))
                0x00105060                        PROVIDE (_data_start = ADDR (.data))
                0x00105480                        PROVIDE (_data_end = (ADDR (.data) + SIZEOF (.data)))
                0x00100100                        PROVIDE (_text_start = ADDR (.text))
                0x00102600                        PROVIDE (_text_end = (ADDR (.text) + SIZEOF (.text)))
                0x00103940                        PROVIDE (_rodata_start = ADDR (.rodata))
                0x001044a0                        PROVIDE (_rodata_end = (ADDR (.rodata) + SIZEOF (.rodata)))
                0x00103740                        PROVIDE (_usertext_start = ADDR (.user_code))
                0x00103940                        PROVIDE (_usertext_end = (ADDR (.user_code) + SIZEOF (.user_code)))
                0x00102600                        PROVIDE (_mcode_start = ADDR (.m_code))
                0x00103740                        PROVIDE (_mcode_end = (ADDR (.m_code) + SIZEOF (.m_code)))
OUTPUT(bin/csoc.elf elf32-littleriscv)

.sbss           0x001054a0       0x18
 .sbss          0x001054a0        0x8 obj/main.o
                0x001054a0                user_area
                0x001054a4                m_area
 .sbss          0x001054a8       0x10 obj/timer.o
                0x001054a8                time_elapsed
                0x001054b0                time_increment

.comment        0x00000000       0x1b
 .comment       0x00000000       0x1b obj/main.o
                                 0x1c (size before relaxing)
 .comment       0x0000001b       0x1c obj/memcpy.o
 .comment       0x0000001b       0x1c obj/pmp.o
 .comment       0x0000001b       0x1c obj/print_engine.o
 .comment       0x0000001b       0x1c obj/strlen.o
 .comment       0x0000001b       0x1c obj/system.o
 .comment       0x0000001b       0x1c obj/timer.o
 .comment       0x0000001b       0x1c obj/uart.o
 .comment       0x0000001b       0x1c obj/vstream.o

.note.GNU-stack
                0x00000000        0x0
 .note.GNU-stack
                0x00000000        0x0 obj/main.o
 .note.GNU-stack
                0x00000000        0x0 obj/memcpy.o
 .note.GNU-stack
                0x00000000        0x0 obj/pmp.o
 .note.GNU-stack
                0x00000000        0x0 obj/print_engine.o
 .note.GNU-stack
                0x00000000        0x0 obj/strlen.o
 .note.GNU-stack
                0x00000000        0x0 obj/system.o
 .note.GNU-stack
                0x00000000        0x0 obj/timer.o
 .note.GNU-stack
                0x00000000        0x0 obj/uart.o
 .note.GNU-stack
                0x00000000        0x0 obj/vstream.o

.riscv.attributes
                0x00000000       0x48
 .riscv.attributes
                0x00000000       0x48 obj/main.o
 .riscv.attributes
                0x00000048       0x44 obj/memcpy.o
 .riscv.attributes
                0x0000008c       0x48 obj/pmp.o
 .riscv.attributes
                0x000000d4       0x44 obj/print_engine.o
 .riscv.attributes
                0x00000118       0x44 obj/strlen.o
 .riscv.attributes
                0x0000015c       0x48 obj/system.o
 .riscv.attributes
                0x000001a4       0x48 obj/timer.o
 .riscv.attributes
                0x000001ec       0x44 obj/uart.o
 .riscv.attributes
                0x00000230       0x48 obj/vstream.o
 .riscv.attributes
                0x00000278       0x41 obj/startup.o
